Up to date
(res_419, [x_417, x_418])
(x_420, [xss_247, gtid_292, gtid_295])
(res_429, [x_427, x_428])
(x_430, [gtid_297, resarr0_416])
(res_438, [x_436, x_437])
(x_439, [gtid_299, resarr0_426])
(bytes_763, [binop_x_764])
(mem_765, [bytes_763])
(bytes_767, [binop_x_768])
(mem_769, [bytes_767])
(bytes_771, [binop_x_772])
(mem_773, [bytes_771])
(bytes_774, [binop_x_777])
(binop_x_777, [binop_x_775, binop_y_776])
(mem_778, [bytes_774])

